[24-Feb-2026 17:02:50 Europe/Berlin] PHP Warning:  require_once(C:\xampp\htdocs\KE-AI-PLATFORM\app\Controllers/../views/auditor/dashboard.php): Failed to open stream: No such file or directory in C:\xampp\htdocs\KE-AI-PLATFORM\app\Controllers\AuditorController.php on line 20
[24-Feb-2026 17:02:50 Europe/Berlin] PHP Fatal error:  Uncaught Error: Failed opening required 'C:\xampp\htdocs\KE-AI-PLATFORM\app\Controllers/../views/auditor/dashboard.php' (include_path='C:\xampp\php\PEAR') in C:\xampp\htdocs\KE-AI-PLATFORM\app\Controllers\AuditorController.php:20
Stack trace:
#0 C:\xampp\htdocs\KE-AI-PLATFORM\app\core\Router.php(32): AuditorController->dashboard()
#1 C:\xampp\htdocs\KE-AI-PLATFORM\public\index.php(77): Router->dispatch('auditor', 'dashboard', NULL)
#2 {main}
  thrown in C:\xampp\htdocs\KE-AI-PLATFORM\app\Controllers\AuditorController.php on line 20
[2026-02-24 17:02:50] FATAL: Uncaught Error: Failed opening required 'C:\xampp\htdocs\KE-AI-PLATFORM\app\Controllers/../views/auditor/dashboard.php' (include_path='C:\xampp\php\PEAR') in C:\xampp\htdocs\KE-AI-PLATFORM\app\Controllers\AuditorController.php:20
Stack trace:
#0 C:\xampp\htdocs\KE-AI-PLATFORM\app\core\Router.php(32): AuditorController->dashboard()
#1 C:\xampp\htdocs\KE-AI-PLATFORM\public\index.php(77): Router->dispatch('auditor', 'dashboard', NULL)
#2 {main}
  thrown in C:\xampp\htdocs\KE-AI-PLATFORM\app\Controllers\AuditorController.php on line 20
[24-Feb-2026 17:05:24 Europe/Berlin] PHP Warning:  Undefined variable $user in C:\xampp\htdocs\KE-AI-PLATFORM\app\views\auditor\dashboard.php on line 7
[24-Feb-2026 17:05:24 Europe/Berlin] PHP Warning:  Trying to access array offset on value of type null in C:\xampp\htdocs\KE-AI-PLATFORM\app\views\auditor\dashboard.php on line 7
[24-Feb-2026 17:05:24 Europe/Berlin] PHP Warning:  Undefined variable $stats in C:\xampp\htdocs\KE-AI-PLATFORM\app\views\auditor\dashboard.php on line 20
[24-Feb-2026 17:05:24 Europe/Berlin] PHP Warning:  Trying to access array offset on value of type null in C:\xampp\htdocs\KE-AI-PLATFORM\app\views\auditor\dashboard.php on line 20
[24-Feb-2026 17:05:24 Europe/Berlin] PHP Warning:  Undefined variable $stats in C:\xampp\htdocs\KE-AI-PLATFORM\app\views\auditor\dashboard.php on line 28
[24-Feb-2026 17:05:24 Europe/Berlin] PHP Warning:  Trying to access array offset on value of type null in C:\xampp\htdocs\KE-AI-PLATFORM\app\views\auditor\dashboard.php on line 28
[24-Feb-2026 17:05:24 Europe/Berlin] PHP Warning:  Undefined variable $stats in C:\xampp\htdocs\KE-AI-PLATFORM\app\views\auditor\dashboard.php on line 36
[24-Feb-2026 17:05:24 Europe/Berlin] PHP Warning:  Trying to access array offset on value of type null in C:\xampp\htdocs\KE-AI-PLATFORM\app\views\auditor\dashboard.php on line 36
[24-Feb-2026 17:05:24 Europe/Berlin] PHP Warning:  Undefined variable $transactions in C:\xampp\htdocs\KE-AI-PLATFORM\app\views\auditor\dashboard.php on line 72
[24-Feb-2026 17:05:24 Europe/Berlin] PHP Warning:  foreach() argument must be of type array|object, null given in C:\xampp\htdocs\KE-AI-PLATFORM\app\views\auditor\dashboard.php on line 72
[24-Feb-2026 17:30:57 Europe/Berlin] PHP Warning:  require_once(C:\xampp\htdocs\KE-AI-PLATFORM\app\views\auditor/../app/views/auditor/layout/header.php): Failed to open stream: No such file or directory in C:\xampp\htdocs\KE-AI-PLATFORM\app\views\auditor\dashboard.php on line 2
[24-Feb-2026 17:30:57 Europe/Berlin] PHP Fatal error:  Uncaught Error: Failed opening required 'C:\xampp\htdocs\KE-AI-PLATFORM\app\views\auditor/../app/views/auditor/layout/header.php' (include_path='C:\xampp\php\PEAR') in C:\xampp\htdocs\KE-AI-PLATFORM\app\views\auditor\dashboard.php:2
Stack trace:
#0 C:\xampp\htdocs\KE-AI-PLATFORM\app\Controllers\AuditorController.php(20): require_once()
#1 C:\xampp\htdocs\KE-AI-PLATFORM\app\core\Router.php(32): AuditorController->dashboard()
#2 C:\xampp\htdocs\KE-AI-PLATFORM\public\index.php(77): Router->dispatch('auditor', 'dashboard', NULL)
#3 {main}
  thrown in C:\xampp\htdocs\KE-AI-PLATFORM\app\views\auditor\dashboard.php on line 2
[2026-02-24 17:30:57] FATAL: Uncaught Error: Failed opening required 'C:\xampp\htdocs\KE-AI-PLATFORM\app\views\auditor/../app/views/auditor/layout/header.php' (include_path='C:\xampp\php\PEAR') in C:\xampp\htdocs\KE-AI-PLATFORM\app\views\auditor\dashboard.php:2
Stack trace:
#0 C:\xampp\htdocs\KE-AI-PLATFORM\app\Controllers\AuditorController.php(20): require_once()
#1 C:\xampp\htdocs\KE-AI-PLATFORM\app\core\Router.php(32): AuditorController->dashboard()
#2 C:\xampp\htdocs\KE-AI-PLATFORM\public\index.php(77): Router->dispatch('auditor', 'dashboard', NULL)
#3 {main}
  thrown in C:\xampp\htdocs\KE-AI-PLATFORM\app\views\auditor\dashboard.php on line 2
[24-Feb-2026 17:31:23 Europe/Berlin] PHP Warning:  require_once(C:\xampp\htdocs\KE-AI-PLATFORM\app\views\auditor/app/views/auditor/layout/header.php): Failed to open stream: No such file or directory in C:\xampp\htdocs\KE-AI-PLATFORM\app\views\auditor\dashboard.php on line 2
[24-Feb-2026 17:31:23 Europe/Berlin] PHP Fatal error:  Uncaught Error: Failed opening required 'C:\xampp\htdocs\KE-AI-PLATFORM\app\views\auditor/app/views/auditor/layout/header.php' (include_path='C:\xampp\php\PEAR') in C:\xampp\htdocs\KE-AI-PLATFORM\app\views\auditor\dashboard.php:2
Stack trace:
#0 C:\xampp\htdocs\KE-AI-PLATFORM\app\Controllers\AuditorController.php(20): require_once()
#1 C:\xampp\htdocs\KE-AI-PLATFORM\app\core\Router.php(32): AuditorController->dashboard()
#2 C:\xampp\htdocs\KE-AI-PLATFORM\public\index.php(77): Router->dispatch('auditor', 'dashboard', NULL)
#3 {main}
  thrown in C:\xampp\htdocs\KE-AI-PLATFORM\app\views\auditor\dashboard.php on line 2
[2026-02-24 17:31:23] FATAL: Uncaught Error: Failed opening required 'C:\xampp\htdocs\KE-AI-PLATFORM\app\views\auditor/app/views/auditor/layout/header.php' (include_path='C:\xampp\php\PEAR') in C:\xampp\htdocs\KE-AI-PLATFORM\app\views\auditor\dashboard.php:2
Stack trace:
#0 C:\xampp\htdocs\KE-AI-PLATFORM\app\Controllers\AuditorController.php(20): require_once()
#1 C:\xampp\htdocs\KE-AI-PLATFORM\app\core\Router.php(32): AuditorController->dashboard()
#2 C:\xampp\htdocs\KE-AI-PLATFORM\public\index.php(77): Router->dispatch('auditor', 'dashboard', NULL)
#3 {main}
  thrown in C:\xampp\htdocs\KE-AI-PLATFORM\app\views\auditor\dashboard.php on line 2
[24-Feb-2026 17:36:45 Europe/Berlin] Login failed for email: test1@gmail.com
[24-Feb-2026 17:36:55 Europe/Berlin] Login successful for user: test1@gmail.com with role: auditor_general
[24-Feb-2026 18:31:44 Europe/Berlin] PHP Parse error:  syntax error, unexpected token "public", expecting end of file in C:\xampp\htdocs\KE-AI-PLATFORM\app\models\Transaction.php on line 2
[24-Feb-2026 18:31:44 Europe/Berlin] PHP Parse error:  syntax error, unexpected token "public", expecting end of file in C:\xampp\htdocs\KE-AI-PLATFORM\app\models\Transaction.php on line 2
[2026-02-24 18:31:44] FATAL: syntax error, unexpected token "public", expecting end of file in C:\xampp\htdocs\KE-AI-PLATFORM\app\models\Transaction.php on line 2
[24-Feb-2026 18:31:45 Europe/Berlin] PHP Parse error:  syntax error, unexpected token "public", expecting end of file in C:\xampp\htdocs\KE-AI-PLATFORM\app\models\Transaction.php on line 2
[2026-02-24 18:31:45] FATAL: syntax error, unexpected token "public", expecting end of file in C:\xampp\htdocs\KE-AI-PLATFORM\app\models\Transaction.php on line 2
[24-Feb-2026 18:31:45 Europe/Berlin] PHP Parse error:  syntax error, unexpected token "public", expecting end of file in C:\xampp\htdocs\KE-AI-PLATFORM\app\models\Transaction.php on line 2
[2026-02-24 18:31:45] FATAL: syntax error, unexpected token "public", expecting end of file in C:\xampp\htdocs\KE-AI-PLATFORM\app\models\Transaction.php on line 2
[24-Feb-2026 18:31:46 Europe/Berlin] PHP Parse error:  syntax error, unexpected token "public", expecting end of file in C:\xampp\htdocs\KE-AI-PLATFORM\app\models\Transaction.php on line 2
[2026-02-24 18:31:46] FATAL: syntax error, unexpected token "public", expecting end of file in C:\xampp\htdocs\KE-AI-PLATFORM\app\models\Transaction.php on line 2
[24-Feb-2026 18:31:46 Europe/Berlin] PHP Parse error:  syntax error, unexpected token "public", expecting end of file in C:\xampp\htdocs\KE-AI-PLATFORM\app\models\Transaction.php on line 2
[2026-02-24 18:31:46] FATAL: syntax error, unexpected token "public", expecting end of file in C:\xampp\htdocs\KE-AI-PLATFORM\app\models\Transaction.php on line 2
[24-Feb-2026 18:36:39 Europe/Berlin] PHP Parse error:  syntax error, unexpected token "public", expecting end of file in C:\xampp\htdocs\KE-AI-PLATFORM\app\models\Transaction.php on line 2
[2026-02-24 18:36:39] FATAL: syntax error, unexpected token "public", expecting end of file in C:\xampp\htdocs\KE-AI-PLATFORM\app\models\Transaction.php on line 2
[24-Feb-2026 18:36:39 Europe/Berlin] PHP Parse error:  syntax error, unexpected token "public", expecting end of file in C:\xampp\htdocs\KE-AI-PLATFORM\app\models\Transaction.php on line 2
[2026-02-24 18:36:39] FATAL: syntax error, unexpected token "public", expecting end of file in C:\xampp\htdocs\KE-AI-PLATFORM\app\models\Transaction.php on line 2
[24-Feb-2026 18:36:39 Europe/Berlin] PHP Parse error:  syntax error, unexpected token "public", expecting end of file in C:\xampp\htdocs\KE-AI-PLATFORM\app\models\Transaction.php on line 2
[2026-02-24 18:36:39] FATAL: syntax error, unexpected token "public", expecting end of file in C:\xampp\htdocs\KE-AI-PLATFORM\app\models\Transaction.php on line 2
[24-Feb-2026 18:36:44 Europe/Berlin] PHP Parse error:  syntax error, unexpected token "public", expecting end of file in C:\xampp\htdocs\KE-AI-PLATFORM\app\models\Transaction.php on line 2
[2026-02-24 18:36:44] FATAL: syntax error, unexpected token "public", expecting end of file in C:\xampp\htdocs\KE-AI-PLATFORM\app\models\Transaction.php on line 2
[24-Feb-2026 18:36:44 Europe/Berlin] PHP Parse error:  syntax error, unexpected token "public", expecting end of file in C:\xampp\htdocs\KE-AI-PLATFORM\app\models\Transaction.php on line 2
[2026-02-24 18:36:44] FATAL: syntax error, unexpected token "public", expecting end of file in C:\xampp\htdocs\KE-AI-PLATFORM\app\models\Transaction.php on line 2
[24-Feb-2026 18:36:44 Europe/Berlin] PHP Parse error:  syntax error, unexpected token "public", expecting end of file in C:\xampp\htdocs\KE-AI-PLATFORM\app\models\Transaction.php on line 2
[2026-02-24 18:36:44] FATAL: syntax error, unexpected token "public", expecting end of file in C:\xampp\htdocs\KE-AI-PLATFORM\app\models\Transaction.php on line 2
[24-Feb-2026 18:44:13 Europe/Berlin] PHP Fatal error:  Maximum execution time of 120 seconds exceeded in C:\xampp\htdocs\KE-AI-PLATFORM\app\views\auditor\dashboard.php on line 2
[24-Feb-2026 18:44:13 Europe/Berlin] PHP Fatal error:  Maximum execution time of 120 seconds exceeded in C:\xampp\htdocs\KE-AI-PLATFORM\app\views\auditor\dashboard.php on line 2
[2026-02-24 18:44:14] FATAL: Maximum execution time of 120 seconds exceeded in C:\xampp\htdocs\KE-AI-PLATFORM\app\views\auditor\dashboard.php on line 2
[24-Feb-2026 18:50:09 Europe/Berlin] PHP Parse error:  syntax error, unexpected token "public", expecting end of file in C:\xampp\htdocs\KE-AI-PLATFORM\app\models\Transaction.php on line 2
[2026-02-24 18:50:09] FATAL: syntax error, unexpected token "public", expecting end of file in C:\xampp\htdocs\KE-AI-PLATFORM\app\models\Transaction.php on line 2
[24-Feb-2026 18:50:09 Europe/Berlin] PHP Parse error:  syntax error, unexpected token "public", expecting end of file in C:\xampp\htdocs\KE-AI-PLATFORM\app\models\Transaction.php on line 2
[2026-02-24 18:50:09] FATAL: syntax error, unexpected token "public", expecting end of file in C:\xampp\htdocs\KE-AI-PLATFORM\app\models\Transaction.php on line 2
[24-Feb-2026 18:50:09 Europe/Berlin] PHP Parse error:  syntax error, unexpected token "public", expecting end of file in C:\xampp\htdocs\KE-AI-PLATFORM\app\models\Transaction.php on line 2
[2026-02-24 18:50:09] FATAL: syntax error, unexpected token "public", expecting end of file in C:\xampp\htdocs\KE-AI-PLATFORM\app\models\Transaction.php on line 2
[24-Feb-2026 18:50:10 Europe/Berlin] PHP Parse error:  syntax error, unexpected token "public", expecting end of file in C:\xampp\htdocs\KE-AI-PLATFORM\app\models\Transaction.php on line 2
[2026-02-24 18:50:10] FATAL: syntax error, unexpected token "public", expecting end of file in C:\xampp\htdocs\KE-AI-PLATFORM\app\models\Transaction.php on line 2
[24-Feb-2026 18:53:09 Europe/Berlin] PHP Parse error:  syntax error, unexpected token "public", expecting end of file in C:\xampp\htdocs\KE-AI-PLATFORM\app\models\Transaction.php on line 2
[2026-02-24 18:53:09] FATAL: syntax error, unexpected token "public", expecting end of file in C:\xampp\htdocs\KE-AI-PLATFORM\app\models\Transaction.php on line 2
[24-Feb-2026 18:53:09 Europe/Berlin] PHP Parse error:  syntax error, unexpected token "public", expecting end of file in C:\xampp\htdocs\KE-AI-PLATFORM\app\models\Transaction.php on line 2
[2026-02-24 18:53:09] FATAL: syntax error, unexpected token "public", expecting end of file in C:\xampp\htdocs\KE-AI-PLATFORM\app\models\Transaction.php on line 2
[24-Feb-2026 18:53:09 Europe/Berlin] PHP Parse error:  syntax error, unexpected token "public", expecting end of file in C:\xampp\htdocs\KE-AI-PLATFORM\app\models\Transaction.php on line 2
[2026-02-24 18:53:09] FATAL: syntax error, unexpected token "public", expecting end of file in C:\xampp\htdocs\KE-AI-PLATFORM\app\models\Transaction.php on line 2
[24-Feb-2026 18:53:09 Europe/Berlin] PHP Parse error:  syntax error, unexpected token "public", expecting end of file in C:\xampp\htdocs\KE-AI-PLATFORM\app\models\Transaction.php on line 2
[2026-02-24 18:53:09] FATAL: syntax error, unexpected token "public", expecting end of file in C:\xampp\htdocs\KE-AI-PLATFORM\app\models\Transaction.php on line 2
[24-Feb-2026 18:56:59 Europe/Berlin] PHP Parse error:  syntax error, unexpected token "public", expecting end of file in C:\xampp\htdocs\KE-AI-PLATFORM\app\models\Transaction.php on line 2
[2026-02-24 18:56:59] FATAL: syntax error, unexpected token "public", expecting end of file in C:\xampp\htdocs\KE-AI-PLATFORM\app\models\Transaction.php on line 2
[24-Feb-2026 18:56:59 Europe/Berlin] PHP Parse error:  syntax error, unexpected token "public", expecting end of file in C:\xampp\htdocs\KE-AI-PLATFORM\app\models\Transaction.php on line 2
[2026-02-24 18:56:59] FATAL: syntax error, unexpected token "public", expecting end of file in C:\xampp\htdocs\KE-AI-PLATFORM\app\models\Transaction.php on line 2
[24-Feb-2026 18:56:59 Europe/Berlin] PHP Parse error:  syntax error, unexpected token "public", expecting end of file in C:\xampp\htdocs\KE-AI-PLATFORM\app\models\Transaction.php on line 2
[2026-02-24 18:56:59] FATAL: syntax error, unexpected token "public", expecting end of file in C:\xampp\htdocs\KE-AI-PLATFORM\app\models\Transaction.php on line 2
[24-Feb-2026 18:56:59 Europe/Berlin] PHP Parse error:  syntax error, unexpected token "public", expecting end of file in C:\xampp\htdocs\KE-AI-PLATFORM\app\models\Transaction.php on line 2
[2026-02-24 18:56:59] FATAL: syntax error, unexpected token "public", expecting end of file in C:\xampp\htdocs\KE-AI-PLATFORM\app\models\Transaction.php on line 2
[24-Feb-2026 18:57:08 Europe/Berlin] PHP Parse error:  syntax error, unexpected token "public", expecting end of file in C:\xampp\htdocs\KE-AI-PLATFORM\app\models\Transaction.php on line 2
[2026-02-24 18:57:08] FATAL: syntax error, unexpected token "public", expecting end of file in C:\xampp\htdocs\KE-AI-PLATFORM\app\models\Transaction.php on line 2
[24-Feb-2026 18:57:08 Europe/Berlin] PHP Parse error:  syntax error, unexpected token "public", expecting end of file in C:\xampp\htdocs\KE-AI-PLATFORM\app\models\Transaction.php on line 2
[2026-02-24 18:57:08] FATAL: syntax error, unexpected token "public", expecting end of file in C:\xampp\htdocs\KE-AI-PLATFORM\app\models\Transaction.php on line 2
[24-Feb-2026 18:57:08 Europe/Berlin] PHP Parse error:  syntax error, unexpected token "public", expecting end of file in C:\xampp\htdocs\KE-AI-PLATFORM\app\models\Transaction.php on line 2
[2026-02-24 18:57:08] FATAL: syntax error, unexpected token "public", expecting end of file in C:\xampp\htdocs\KE-AI-PLATFORM\app\models\Transaction.php on line 2
[24-Feb-2026 18:57:08 Europe/Berlin] PHP Parse error:  syntax error, unexpected token "public", expecting end of file in C:\xampp\htdocs\KE-AI-PLATFORM\app\models\Transaction.php on line 2
[2026-02-24 18:57:08] FATAL: syntax error, unexpected token "public", expecting end of file in C:\xampp\htdocs\KE-AI-PLATFORM\app\models\Transaction.php on line 2
[24-Feb-2026 19:01:07 Europe/Berlin] PHP Parse error:  syntax error, unexpected token "public", expecting end of file in C:\xampp\htdocs\KE-AI-PLATFORM\app\models\Transaction.php on line 2
[2026-02-24 19:01:07] FATAL: syntax error, unexpected token "public", expecting end of file in C:\xampp\htdocs\KE-AI-PLATFORM\app\models\Transaction.php on line 2
[24-Feb-2026 19:01:08 Europe/Berlin] PHP Parse error:  syntax error, unexpected token "public", expecting end of file in C:\xampp\htdocs\KE-AI-PLATFORM\app\models\Transaction.php on line 2
[2026-02-24 19:01:08] FATAL: syntax error, unexpected token "public", expecting end of file in C:\xampp\htdocs\KE-AI-PLATFORM\app\models\Transaction.php on line 2
[24-Feb-2026 19:01:08 Europe/Berlin] PHP Parse error:  syntax error, unexpected token "public", expecting end of file in C:\xampp\htdocs\KE-AI-PLATFORM\app\models\Transaction.php on line 2
[2026-02-24 19:01:08] FATAL: syntax error, unexpected token "public", expecting end of file in C:\xampp\htdocs\KE-AI-PLATFORM\app\models\Transaction.php on line 2
[24-Feb-2026 19:01:08 Europe/Berlin] PHP Parse error:  syntax error, unexpected token "public", expecting end of file in C:\xampp\htdocs\KE-AI-PLATFORM\app\models\Transaction.php on line 2
[2026-02-24 19:01:08] FATAL: syntax error, unexpected token "public", expecting end of file in C:\xampp\htdocs\KE-AI-PLATFORM\app\models\Transaction.php on line 2
[24-Feb-2026 19:01:20 Europe/Berlin] PHP Parse error:  syntax error, unexpected token "public", expecting end of file in C:\xampp\htdocs\KE-AI-PLATFORM\app\models\Transaction.php on line 2
[2026-02-24 19:01:20] FATAL: syntax error, unexpected token "public", expecting end of file in C:\xampp\htdocs\KE-AI-PLATFORM\app\models\Transaction.php on line 2
[24-Feb-2026 19:01:20 Europe/Berlin] PHP Parse error:  syntax error, unexpected token "public", expecting end of file in C:\xampp\htdocs\KE-AI-PLATFORM\app\models\Transaction.php on line 2
[2026-02-24 19:01:20] FATAL: syntax error, unexpected token "public", expecting end of file in C:\xampp\htdocs\KE-AI-PLATFORM\app\models\Transaction.php on line 2
[24-Feb-2026 19:01:20 Europe/Berlin] PHP Parse error:  syntax error, unexpected token "public", expecting end of file in C:\xampp\htdocs\KE-AI-PLATFORM\app\models\Transaction.php on line 2
[2026-02-24 19:01:20] FATAL: syntax error, unexpected token "public", expecting end of file in C:\xampp\htdocs\KE-AI-PLATFORM\app\models\Transaction.php on line 2
[24-Feb-2026 19:01:20 Europe/Berlin] PHP Parse error:  syntax error, unexpected token "public", expecting end of file in C:\xampp\htdocs\KE-AI-PLATFORM\app\models\Transaction.php on line 2
[2026-02-24 19:01:20] FATAL: syntax error, unexpected token "public", expecting end of file in C:\xampp\htdocs\KE-AI-PLATFORM\app\models\Transaction.php on line 2
[24-Feb-2026 19:01:24 Europe/Berlin] PHP Parse error:  syntax error, unexpected token "public", expecting end of file in C:\xampp\htdocs\KE-AI-PLATFORM\app\models\Transaction.php on line 2
[2026-02-24 19:01:24] FATAL: syntax error, unexpected token "public", expecting end of file in C:\xampp\htdocs\KE-AI-PLATFORM\app\models\Transaction.php on line 2
[24-Feb-2026 19:01:24 Europe/Berlin] PHP Parse error:  syntax error, unexpected token "public", expecting end of file in C:\xampp\htdocs\KE-AI-PLATFORM\app\models\Transaction.php on line 2
[2026-02-24 19:01:24] FATAL: syntax error, unexpected token "public", expecting end of file in C:\xampp\htdocs\KE-AI-PLATFORM\app\models\Transaction.php on line 2
[24-Feb-2026 19:01:24 Europe/Berlin] PHP Parse error:  syntax error, unexpected token "public", expecting end of file in C:\xampp\htdocs\KE-AI-PLATFORM\app\models\Transaction.php on line 2
[2026-02-24 19:01:24] FATAL: syntax error, unexpected token "public", expecting end of file in C:\xampp\htdocs\KE-AI-PLATFORM\app\models\Transaction.php on line 2
[24-Feb-2026 19:01:24 Europe/Berlin] PHP Parse error:  syntax error, unexpected token "public", expecting end of file in C:\xampp\htdocs\KE-AI-PLATFORM\app\models\Transaction.php on line 2
[2026-02-24 19:01:24] FATAL: syntax error, unexpected token "public", expecting end of file in C:\xampp\htdocs\KE-AI-PLATFORM\app\models\Transaction.php on line 2
[24-Feb-2026 19:01:37 Europe/Berlin] PHP Parse error:  syntax error, unexpected token "public", expecting end of file in C:\xampp\htdocs\KE-AI-PLATFORM\app\models\Transaction.php on line 2
[2026-02-24 19:01:37] FATAL: syntax error, unexpected token "public", expecting end of file in C:\xampp\htdocs\KE-AI-PLATFORM\app\models\Transaction.php on line 2
[24-Feb-2026 19:01:37 Europe/Berlin] PHP Parse error:  syntax error, unexpected token "public", expecting end of file in C:\xampp\htdocs\KE-AI-PLATFORM\app\models\Transaction.php on line 2
[2026-02-24 19:01:37] FATAL: syntax error, unexpected token "public", expecting end of file in C:\xampp\htdocs\KE-AI-PLATFORM\app\models\Transaction.php on line 2
[24-Feb-2026 19:01:37 Europe/Berlin] PHP Parse error:  syntax error, unexpected token "public", expecting end of file in C:\xampp\htdocs\KE-AI-PLATFORM\app\models\Transaction.php on line 2
[2026-02-24 19:01:37] FATAL: syntax error, unexpected token "public", expecting end of file in C:\xampp\htdocs\KE-AI-PLATFORM\app\models\Transaction.php on line 2
[24-Feb-2026 19:01:37 Europe/Berlin] PHP Parse error:  syntax error, unexpected token "public", expecting end of file in C:\xampp\htdocs\KE-AI-PLATFORM\app\models\Transaction.php on line 2
[2026-02-24 19:01:37] FATAL: syntax error, unexpected token "public", expecting end of file in C:\xampp\htdocs\KE-AI-PLATFORM\app\models\Transaction.php on line 2
[24-Feb-2026 19:02:58 Europe/Berlin] PHP Parse error:  syntax error, unexpected token "public", expecting end of file in C:\xampp\htdocs\KE-AI-PLATFORM\app\models\Transaction.php on line 2
[2026-02-24 19:02:58] FATAL: syntax error, unexpected token "public", expecting end of file in C:\xampp\htdocs\KE-AI-PLATFORM\app\models\Transaction.php on line 2
[24-Feb-2026 19:02:58 Europe/Berlin] PHP Parse error:  syntax error, unexpected token "public", expecting end of file in C:\xampp\htdocs\KE-AI-PLATFORM\app\models\Transaction.php on line 2
[2026-02-24 19:02:58] FATAL: syntax error, unexpected token "public", expecting end of file in C:\xampp\htdocs\KE-AI-PLATFORM\app\models\Transaction.php on line 2
[24-Feb-2026 19:02:58 Europe/Berlin] PHP Parse error:  syntax error, unexpected token "public", expecting end of file in C:\xampp\htdocs\KE-AI-PLATFORM\app\models\Transaction.php on line 2
[2026-02-24 19:02:58] FATAL: syntax error, unexpected token "public", expecting end of file in C:\xampp\htdocs\KE-AI-PLATFORM\app\models\Transaction.php on line 2
[24-Feb-2026 19:02:58 Europe/Berlin] PHP Parse error:  syntax error, unexpected token "public", expecting end of file in C:\xampp\htdocs\KE-AI-PLATFORM\app\models\Transaction.php on line 2
[2026-02-24 19:02:58] FATAL: syntax error, unexpected token "public", expecting end of file in C:\xampp\htdocs\KE-AI-PLATFORM\app\models\Transaction.php on line 2
[24-Feb-2026 19:07:39 Europe/Berlin] PHP Parse error:  syntax error, unexpected token "public", expecting end of file in C:\xampp\htdocs\KE-AI-PLATFORM\app\models\Transaction.php on line 2
[2026-02-24 19:07:39] FATAL: syntax error, unexpected token "public", expecting end of file in C:\xampp\htdocs\KE-AI-PLATFORM\app\models\Transaction.php on line 2
[24-Feb-2026 19:07:39 Europe/Berlin] PHP Parse error:  syntax error, unexpected token "public", expecting end of file in C:\xampp\htdocs\KE-AI-PLATFORM\app\models\Transaction.php on line 2
[2026-02-24 19:07:39] FATAL: syntax error, unexpected token "public", expecting end of file in C:\xampp\htdocs\KE-AI-PLATFORM\app\models\Transaction.php on line 2
[24-Feb-2026 19:07:39 Europe/Berlin] PHP Parse error:  syntax error, unexpected token "public", expecting end of file in C:\xampp\htdocs\KE-AI-PLATFORM\app\models\Transaction.php on line 2
[2026-02-24 19:07:39] FATAL: syntax error, unexpected token "public", expecting end of file in C:\xampp\htdocs\KE-AI-PLATFORM\app\models\Transaction.php on line 2
[24-Feb-2026 19:07:39 Europe/Berlin] PHP Parse error:  syntax error, unexpected token "public", expecting end of file in C:\xampp\htdocs\KE-AI-PLATFORM\app\models\Transaction.php on line 2
[2026-02-24 19:07:39] FATAL: syntax error, unexpected token "public", expecting end of file in C:\xampp\htdocs\KE-AI-PLATFORM\app\models\Transaction.php on line 2
[24-Feb-2026 19:08:22 Europe/Berlin] PHP Parse error:  syntax error, unexpected token "public", expecting end of file in C:\xampp\htdocs\KE-AI-PLATFORM\app\models\Transaction.php on line 2
[2026-02-24 19:08:22] FATAL: syntax error, unexpected token "public", expecting end of file in C:\xampp\htdocs\KE-AI-PLATFORM\app\models\Transaction.php on line 2
[24-Feb-2026 19:08:22 Europe/Berlin] PHP Parse error:  syntax error, unexpected token "public", expecting end of file in C:\xampp\htdocs\KE-AI-PLATFORM\app\models\Transaction.php on line 2
[2026-02-24 19:08:22] FATAL: syntax error, unexpected token "public", expecting end of file in C:\xampp\htdocs\KE-AI-PLATFORM\app\models\Transaction.php on line 2
[24-Feb-2026 19:08:22 Europe/Berlin] PHP Parse error:  syntax error, unexpected token "public", expecting end of file in C:\xampp\htdocs\KE-AI-PLATFORM\app\models\Transaction.php on line 2
[2026-02-24 19:08:22] FATAL: syntax error, unexpected token "public", expecting end of file in C:\xampp\htdocs\KE-AI-PLATFORM\app\models\Transaction.php on line 2
[24-Feb-2026 19:08:22 Europe/Berlin] PHP Parse error:  syntax error, unexpected token "public", expecting end of file in C:\xampp\htdocs\KE-AI-PLATFORM\app\models\Transaction.php on line 2
[2026-02-24 19:08:22] FATAL: syntax error, unexpected token "public", expecting end of file in C:\xampp\htdocs\KE-AI-PLATFORM\app\models\Transaction.php on line 2
[24-Feb-2026 19:09:40 Europe/Berlin] PHP Parse error:  syntax error, unexpected token "public", expecting end of file in C:\xampp\htdocs\KE-AI-PLATFORM\app\models\Transaction.php on line 2
[2026-02-24 19:09:40] FATAL: syntax error, unexpected token "public", expecting end of file in C:\xampp\htdocs\KE-AI-PLATFORM\app\models\Transaction.php on line 2
[24-Feb-2026 19:09:40 Europe/Berlin] PHP Parse error:  syntax error, unexpected token "public", expecting end of file in C:\xampp\htdocs\KE-AI-PLATFORM\app\models\Transaction.php on line 2
[2026-02-24 19:09:40] FATAL: syntax error, unexpected token "public", expecting end of file in C:\xampp\htdocs\KE-AI-PLATFORM\app\models\Transaction.php on line 2
[24-Feb-2026 19:09:40 Europe/Berlin] PHP Parse error:  syntax error, unexpected token "public", expecting end of file in C:\xampp\htdocs\KE-AI-PLATFORM\app\models\Transaction.php on line 2
[2026-02-24 19:09:40] FATAL: syntax error, unexpected token "public", expecting end of file in C:\xampp\htdocs\KE-AI-PLATFORM\app\models\Transaction.php on line 2
[24-Feb-2026 19:09:40 Europe/Berlin] PHP Parse error:  syntax error, unexpected token "public", expecting end of file in C:\xampp\htdocs\KE-AI-PLATFORM\app\models\Transaction.php on line 2
[2026-02-24 19:09:40] FATAL: syntax error, unexpected token "public", expecting end of file in C:\xampp\htdocs\KE-AI-PLATFORM\app\models\Transaction.php on line 2
[24-Feb-2026 19:09:58 Europe/Berlin] PHP Parse error:  syntax error, unexpected token "public", expecting end of file in C:\xampp\htdocs\KE-AI-PLATFORM\app\models\Transaction.php on line 2
[2026-02-24 19:09:58] FATAL: syntax error, unexpected token "public", expecting end of file in C:\xampp\htdocs\KE-AI-PLATFORM\app\models\Transaction.php on line 2
[24-Feb-2026 19:09:58 Europe/Berlin] PHP Parse error:  syntax error, unexpected token "public", expecting end of file in C:\xampp\htdocs\KE-AI-PLATFORM\app\models\Transaction.php on line 2
[2026-02-24 19:09:58] FATAL: syntax error, unexpected token "public", expecting end of file in C:\xampp\htdocs\KE-AI-PLATFORM\app\models\Transaction.php on line 2
[24-Feb-2026 19:09:58 Europe/Berlin] PHP Parse error:  syntax error, unexpected token "public", expecting end of file in C:\xampp\htdocs\KE-AI-PLATFORM\app\models\Transaction.php on line 2
[2026-02-24 19:09:58] FATAL: syntax error, unexpected token "public", expecting end of file in C:\xampp\htdocs\KE-AI-PLATFORM\app\models\Transaction.php on line 2
[24-Feb-2026 19:09:58 Europe/Berlin] PHP Parse error:  syntax error, unexpected token "public", expecting end of file in C:\xampp\htdocs\KE-AI-PLATFORM\app\models\Transaction.php on line 2
[2026-02-24 19:09:58] FATAL: syntax error, unexpected token "public", expecting end of file in C:\xampp\htdocs\KE-AI-PLATFORM\app\models\Transaction.php on line 2
[24-Feb-2026 19:10:27 Europe/Berlin] PHP Parse error:  syntax error, unexpected token "public", expecting end of file in C:\xampp\htdocs\KE-AI-PLATFORM\app\models\Transaction.php on line 2
[2026-02-24 19:10:27] FATAL: syntax error, unexpected token "public", expecting end of file in C:\xampp\htdocs\KE-AI-PLATFORM\app\models\Transaction.php on line 2
[24-Feb-2026 19:10:27 Europe/Berlin] PHP Parse error:  syntax error, unexpected token "public", expecting end of file in C:\xampp\htdocs\KE-AI-PLATFORM\app\models\Transaction.php on line 2
[2026-02-24 19:10:27] FATAL: syntax error, unexpected token "public", expecting end of file in C:\xampp\htdocs\KE-AI-PLATFORM\app\models\Transaction.php on line 2
[24-Feb-2026 19:10:27 Europe/Berlin] PHP Parse error:  syntax error, unexpected token "public", expecting end of file in C:\xampp\htdocs\KE-AI-PLATFORM\app\models\Transaction.php on line 2
[2026-02-24 19:10:27] FATAL: syntax error, unexpected token "public", expecting end of file in C:\xampp\htdocs\KE-AI-PLATFORM\app\models\Transaction.php on line 2
[24-Feb-2026 19:10:27 Europe/Berlin] PHP Parse error:  syntax error, unexpected token "public", expecting end of file in C:\xampp\htdocs\KE-AI-PLATFORM\app\models\Transaction.php on line 2
[2026-02-24 19:10:27] FATAL: syntax error, unexpected token "public", expecting end of file in C:\xampp\htdocs\KE-AI-PLATFORM\app\models\Transaction.php on line 2
[24-Feb-2026 19:11:02 Europe/Berlin] PHP Parse error:  syntax error, unexpected token "public", expecting end of file in C:\xampp\htdocs\KE-AI-PLATFORM\app\models\Transaction.php on line 2
[2026-02-24 19:11:02] FATAL: syntax error, unexpected token "public", expecting end of file in C:\xampp\htdocs\KE-AI-PLATFORM\app\models\Transaction.php on line 2
[24-Feb-2026 19:13:01 Europe/Berlin] PHP Fatal error:  Uncaught Error: Class "Transaction" not found in C:\xampp\htdocs\KE-AI-PLATFORM\app\core\Controller.php:29
Stack trace:
#0 C:\xampp\htdocs\KE-AI-PLATFORM\app\Controllers\TransactionController.php(12): Controller->model('Transaction')
#1 C:\xampp\htdocs\KE-AI-PLATFORM\app\core\Router.php(26): TransactionController->__construct()
#2 C:\xampp\htdocs\KE-AI-PLATFORM\public\index.php(77): Router->dispatch('transaction', 'index', NULL)
#3 {main}
  thrown in C:\xampp\htdocs\KE-AI-PLATFORM\app\core\Controller.php on line 29
[2026-02-24 19:13:01] FATAL: Uncaught Error: Class "Transaction" not found in C:\xampp\htdocs\KE-AI-PLATFORM\app\core\Controller.php:29
Stack trace:
#0 C:\xampp\htdocs\KE-AI-PLATFORM\app\Controllers\TransactionController.php(12): Controller->model('Transaction')
#1 C:\xampp\htdocs\KE-AI-PLATFORM\app\core\Router.php(26): TransactionController->__construct()
#2 C:\xampp\htdocs\KE-AI-PLATFORM\public\index.php(77): Router->dispatch('transaction', 'index', NULL)
#3 {main}
  thrown in C:\xampp\htdocs\KE-AI-PLATFORM\app\core\Controller.php on line 29
